// Jest Snapshot v1, https://goo.gl/fbAQLP

exports[`[pages] ProductsList when loading should render correctly 1`] = `
.c2 {
  padding: 2rem;
}

.c0 {
  display: -webkit-box;
  display: -webkit-flex;
  display: -ms-flexbox;
  display: flex;
  border-bottom: 0.1rem solid gainsboro;
  -webkit-box-pack: justify;
  -webkit-justify-content: space-between;
  -ms-flex-pack: justify;
  justify-content: space-between;
  padding: 3rem;
}

.c1 {
  margin: 0 1rem;
}

.c4 {
  width: 100%;
  padding: 5rem 0;
  padding: 5rem 0;
}

.c5 {
  width: 5rem;
  height: 5rem;
  margin: 0 auto;
}

.c6 {
  -webkit-animation: cZxgpV 2s linear infinite;
  animation: cZxgpV 2s linear infinite;
  height: 100%;
  -webkit-transform-origin: center center;
  -ms-transform-origin: center center;
  transform-origin: center center;
  width: 100%;
}

.c7 {
  stroke: #ef0d33;
  stroke-dasharray: 1,200;
  stroke-dashoffset: 0;
  -webkit-animation: iwIXhf 1.5s ease-in-out infinite;
  animation: iwIXhf 1.5s ease-in-out infinite;
  stroke-linecap: round;
}

.c3 {
  font-family: circular,serif;
  font-weight: 400;
  color: #ef0d33;
  text-transform: uppercase;
  text-align: center;
}

<div>
  <div
    class="Toastify"
  />
  <header
    class="c0"
  >
    <div
      class=""
    >
      <a
        class="c1"
        href="/products"
      >
        All Products
      </a>
    </div>
    <div
      class=""
    >
      <a
        class="c1"
        href="/cart"
      >
        My Cart
      </a>
      |
      <a
        class="c1"
        href="/login"
      >
        Log In
      </a>
       |
      <a
        class="c1"
        href="/signup"
      >
        Sign Up
      </a>
    </div>
  </header>
  <div
    class="c2"
  >
    <h1
      class="c3"
    >
      E-Commerce app
    </h1>
    <div
      class="c4"
      data-testid="loader"
    >
      <div
        class="c5"
      >
        <svg
          class="c6"
          viewBox="25 25 50 50"
        >
          <circle
            class="c7"
            cx="50"
            cy="50"
            fill="none"
            r="20"
            stroke-miterlimit="10"
            stroke-width="4"
          />
        </svg>
      </div>
    </div>
  </div>
</div>
`;
